// Jest Snapshot v1, https://goo.gl/fbAQLP

exports[`Artist question screen correctly renders after relaunch 1`] = `
<section
  className="game__screen"
>
  <h2
    className="game__title"
  >
    Кто исполняет эту песню?
  </h2>
  <div
    className="game__track"
  >
    <div
      className="track"
    />
  </div>
  <form
    className="game__artist"
  >
    <div
      className="artist"
    >
      <input
        className="artist__input visually-hidden js-answer-input"
        data-index={0}
        id="answer-0"
        name="answer"
        onChange={[Function]}
        type="radio"
        value="answer-0"
      />
      <label
        className="artist__name"
        htmlFor="answer-0"
      >
        <img
          alt=""
          className="artist__picture"
          src=""
        />
        
      </label>
    </div>
  </form>
</section>
`;
